******************************************************************************
                  TI ARM Linker PC v20.2.7                     
******************************************************************************
>> Linked Fri May  3 15:45:14 2024

OUTPUT FILE NAME:   <SuS_Workshop.out>
ENTRY POINT SYMBOL: "_c_int00_noargs"  address: 00000d11


MEMORY CONFIGURATION

         name            origin    length      used     unused   attr    fill
----------------------  --------  ---------  --------  --------  ----  --------
  FLASH                 00000000   00040000  00000f84  0003f07c  R  X
  SRAM                  20000000   00008000  00001418  00006be8  RW X


SEGMENT ALLOCATION MAP

run origin  load origin   length   init length attrs members
----------  ----------- ---------- ----------- ----- -------
00000000    00000000    00000f88   00000f88    r-x
  00000000    00000000    0000026c   0000026c    r-- .intvecs
  0000026c    0000026c    00000bfc   00000bfc    r-x .text
  00000e68    00000e68    000000dc   000000dc    r-- .const
  00000f48    00000f48    00000040   00000040    r-- .cinit
20000000    20000000    0000141c   00000000    rw-
  20000000    20000000    0000026c   00000000    rw- .vtable
  2000026c    2000026c    00000fa0   00000000    rw- .bss
  20001210    20001210    00000200   00000000    rw- .stack
  20001410    20001410    0000000c   00000000    rw- .data


SECTION ALLOCATION MAP

 output                                  attributes/
section   page    origin      length       input sections
--------  ----  ----------  ----------   ----------------
.intvecs   0    00000000    0000026c     
                  00000000    0000026c     tm4c123gh6pm_startup_ccs.obj (.intvecs)

.text      0    0000026c    00000bfc     
                  0000026c    00000308     main.obj (.text)
                  00000574    00000132     driverlib.lib : gpio.obj (.text:GPIOPadConfigSet)
                  000006a6    00000002     --HOLE-- [fill = 0]
                  000006a8    00000110                   : sysctl.obj (.text:SysCtlClockGet)
                  000007b8    000000f4                   : sysctl.obj (.text:SysCtlClockSet)
                  000008ac    0000009c     rtsv7M4_T_le_v4SPD16_eabi.lib : memcpy_t2.asm.obj (.text)
                  00000948    0000007a     driverlib.lib : adc.obj (.text:ADCSequenceStepConfigure)
                  000009c2    0000007a     rtsv7M4_T_le_v4SPD16_eabi.lib : memset_t2.asm.obj (.text)
                  00000a3c    00000068     driverlib.lib : interrupt.obj (.text:IntEnable)
                  00000aa4    00000068     rtsv7M4_T_le_v4SPD16_eabi.lib : copy_decompress_lzss.c.obj (.text:decompress:lzss:__TI_decompress_lzss)
                  00000b0c    00000060     driverlib.lib : timer.obj (.text:TimerConfigure)
                  00000b6c    00000058                   : timer.obj (.text:TimerControlTrigger)
                  00000bc4    00000050                   : adc.obj (.text:ADCSequenceConfigure)
                  00000c14    00000050                   : adc.obj (.text:_ADCIntNumberGet)
                  00000c64    00000044     rtsv7M4_T_le_v4SPD16_eabi.lib : autoinit.c.obj (.text:__TI_auto_init_nobinit_nopinit:__TI_auto_init_nobinit_nopinit)
                  00000ca8    00000034     driverlib.lib : interrupt.obj (.text:IntRegister)
                  00000cdc    00000034                   : sysctl.obj (.text:SysCtlPeripheralEnable)
                  00000d10    00000034     rtsv7M4_T_le_v4SPD16_eabi.lib : boot_cortex_m.c.obj (.text:_c_int00_noargs:_c_int00_noargs)
                  00000d44    0000002a     driverlib.lib : gpio.obj (.text:GPIODirModeSet)
                  00000d6e    0000001e                   : adc.obj (.text:ADCSequenceDataGet)
                  00000d8c    00000018                   : adc.obj (.text:ADCClockConfigSet)
                  00000da4    00000018                   : adc.obj (.text:ADCIntRegister)
                  00000dbc    00000018                   : gpio.obj (.text:GPIOPinTypeGPIOOutput)
                  00000dd4    00000012                   : gpio.obj (.text:GPIOPinTypeADC)
                  00000de6    00000012                   : timer.obj (.text:TimerLoadSet)
                  00000df8    00000010                   : adc.obj (.text:ADCIntEnable)
                  00000e08    0000000e                   : adc.obj (.text:ADCSequenceEnable)
                  00000e16    0000000e                   : timer.obj (.text:TimerEnable)
                  00000e24    0000000e     rtsv7M4_T_le_v4SPD16_eabi.lib : copy_decompress_none.c.obj (.text:decompress:none:__TI_decompress_none)
                  00000e32    0000000c                                   : copy_zero_init.c.obj (.text:decompress:ZI:__TI_zero_init)
                  00000e3e    0000000c     tm4c123gh6pm_startup_ccs.obj (.text)
                  00000e4a    0000000a     driverlib.lib : adc.obj (.text:ADCIntClear)
                  00000e54    00000006                   : gpio.obj (.text:GPIOPinWrite)
                  00000e5a    00000006                   : sysctl.obj (.text:SysCtlDelay)
                  00000e60    00000004     rtsv7M4_T_le_v4SPD16_eabi.lib : pre_init.c.obj (.text:_system_pre_init)
                  00000e64    00000004                                   : exit.c.obj (.text:abort:abort)

.const     0    00000e68    000000dc     
                  00000e68    00000070     driverlib.lib : interrupt.obj (.const)
                  00000ed8    0000006c                   : sysctl.obj (.const:g_pui32Xtals)

.cinit     0    00000f48    00000040     
                  00000f48    0000000c     (__TI_handler_table)
                  00000f54    00000004     --HOLE-- [fill = 0]
                  00000f58    00000008     (.cinit..bss.load) [load image, compression = zero_init]
                  00000f60    00000008     (.cinit..vtable.load) [load image, compression = zero_init]
                  00000f68    00000007     (.cinit..data.load) [load image, compression = lzss]
                  00000f6f    00000001     --HOLE-- [fill = 0]
                  00000f70    00000018     (__TI_cinit_table)

.init_array 
*          0    00000000    00000000     UNINITIALIZED

.vtable    0    20000000    0000026c     UNINITIALIZED
                  20000000    0000026c     driverlib.lib : interrupt.obj (.vtable)

.bss       0    2000026c    00000fa0     UNINITIALIZED
                  2000026c    00000fa0     (.common:ringBuffer)

.data      0    20001410    0000000c     UNINITIALIZED
                  20001410    0000000c     main.obj (.data)

.stack     0    20001210    00000200     UNINITIALIZED
                  20001210    00000004     rtsv7M4_T_le_v4SPD16_eabi.lib : boot_cortex_m.c.obj (.stack)
                  20001214    000001fc     --HOLE--

__llvm_prf_cnts 
*          0    20000000    00000000     UNINITIALIZED

MODULE SUMMARY

       Module                         code   ro data   rw data
       ------                         ----   -------   -------
    .\
       main.obj                       776    0         4012   
       tm4c123gh6pm_startup_ccs.obj   12     620       0      
    +--+------------------------------+------+---------+---------+
       Total:                         788    620       4012   
                                                              
    ../driverlib.lib
       interrupt.obj                  156    112       620    
       sysctl.obj                     574    108       0      
       adc.obj                        400    0         0      
       gpio.obj                       396    0         0      
       timer.obj                      216    0         0      
    +--+------------------------------+------+---------+---------+
       Total:                         1742   220       620    
                                                              
    C:\ti\ccs1240\ccs\tools\compiler\ti-cgt-arm_20.2.7.LTS\lib\rtsv7M4_T_le_v4SPD16_eabi.lib
       memcpy_t2.asm.obj              156    0         0      
       memset_t2.asm.obj              122    0         0      
       copy_decompress_lzss.c.obj     104    0         0      
       autoinit.c.obj                 68     0         0      
       boot_cortex_m.c.obj            52     0         0      
       copy_decompress_none.c.obj     14     0         0      
       copy_zero_init.c.obj           12     0         0      
       exit.c.obj                     4      0         0      
       pre_init.c.obj                 4      0         0      
    +--+------------------------------+------+---------+---------+
       Total:                         536    0         0      
                                                              
       Stack:                         0      0         512    
       Linker Generated:              0      59        0      
    +--+------------------------------+------+---------+---------+
       Grand Total:                   3066   899       5144   


LINKER GENERATED COPY TABLES

__TI_cinit_table @ 00000f70 records: 3, size/record: 8, table size: 24
	.bss: load addr=00000f58, load size=00000008 bytes, run addr=2000026c, run size=00000fa0 bytes, compression=zero_init
	.vtable: load addr=00000f60, load size=00000008 bytes, run addr=20000000, run size=0000026c bytes, compression=zero_init
	.data: load addr=00000f68, load size=00000007 bytes, run addr=20001410, run size=0000000c bytes, compression=lzss


LINKER GENERATED HANDLER TABLE

__TI_handler_table @ 00000f48 records: 3, size/record: 4, table size: 12
	index: 0, handler: __TI_zero_init
	index: 1, handler: __TI_decompress_lzss
	index: 2, handler: __TI_decompress_none


GLOBAL SYMBOLS: SORTED ALPHABETICALLY BY Name 

address   name                          
-------   ----                          
00000d8d  ADCClockConfigSet             
00000e4b  ADCIntClear                   
00000df9  ADCIntEnable                  
00000da5  ADCIntRegister                
00000bc5  ADCSequenceConfigure          
00000d6f  ADCSequenceDataGet            
00000e09  ADCSequenceEnable             
00000949  ADCSequenceStepConfigure      
00000e65  C$$EXIT                       
00000d45  GPIODirModeSet                
00000575  GPIOPadConfigSet              
00000dd5  GPIOPinTypeADC                
00000dbd  GPIOPinTypeGPIOOutput         
00000e55  GPIOPinWrite                  
00000a3d  IntEnable                     
00000ca9  IntRegister                   
00000e3f  ResetISR                      
000006a9  SysCtlClockGet                
000007b9  SysCtlClockSet                
00000e5b  SysCtlDelay                   
00000cdd  SysCtlPeripheralEnable        
00000b0d  TimerConfigure                
00000b6d  TimerControlTrigger           
00000e17  TimerEnable                   
00000de7  TimerLoadSet                  
20001410  __STACK_END                   
00000200  __STACK_SIZE                  
20001410  __STACK_TOP                   
00000f70  __TI_CINIT_Base               
00000f88  __TI_CINIT_Limit              
00000f48  __TI_Handler_Table_Base       
00000f54  __TI_Handler_Table_Limit      
00000c65  __TI_auto_init_nobinit_nopinit
00000aa5  __TI_decompress_lzss          
00000e25  __TI_decompress_none          
ffffffff  __TI_pprof_out_hndl           
ffffffff  __TI_prof_data_size           
ffffffff  __TI_prof_data_start          
00000000  __TI_static_base__            
00000e33  __TI_zero_init                
000009c3  __aeabi_memclr                
000009c3  __aeabi_memclr4               
000009c3  __aeabi_memclr8               
000008ad  __aeabi_memcpy                
000008ad  __aeabi_memcpy4               
000008ad  __aeabi_memcpy8               
000009c5  __aeabi_memset                
000009c5  __aeabi_memset4               
000009c5  __aeabi_memset8               
ffffffff  __binit__                     
ffffffff  __c_args__                    
UNDEFED   __mpu_init                    
20001210  __stack                       
20000000  __start___llvm_prf_cnts       
20000000  __stop___llvm_prf_cnts        
00000d11  _c_int00_noargs               
UNDEFED   _system_post_cinit            
00000e61  _system_pre_init              
00000e65  abort                         
00000377  adcIntHandler                 
ffffffff  binit                         
20000000  g_pfnRAMVectors               
00000000  g_pfnVectors                  
0000034b  get                           
20001418  i                             
0000026d  main                          
000008ad  memcpy                        
000009cb  memset                        
0000031f  put                           
20001414  readIndex                     
2000026c  ringBuffer                    
00000275  setup                         
20001410  writeIndex                    


GLOBAL SYMBOLS: SORTED BY Symbol Address 

address   name                          
-------   ----                          
00000000  __TI_static_base__            
00000000  g_pfnVectors                  
00000200  __STACK_SIZE                  
0000026d  main                          
00000275  setup                         
0000031f  put                           
0000034b  get                           
00000377  adcIntHandler                 
00000575  GPIOPadConfigSet              
000006a9  SysCtlClockGet                
000007b9  SysCtlClockSet                
000008ad  __aeabi_memcpy                
000008ad  __aeabi_memcpy4               
000008ad  __aeabi_memcpy8               
000008ad  memcpy                        
00000949  ADCSequenceStepConfigure      
000009c3  __aeabi_memclr                
000009c3  __aeabi_memclr4               
000009c3  __aeabi_memclr8               
000009c5  __aeabi_memset                
000009c5  __aeabi_memset4               
000009c5  __aeabi_memset8               
000009cb  memset                        
00000a3d  IntEnable                     
00000aa5  __TI_decompress_lzss          
00000b0d  TimerConfigure                
00000b6d  TimerControlTrigger           
00000bc5  ADCSequenceConfigure          
00000c65  __TI_auto_init_nobinit_nopinit
00000ca9  IntRegister                   
00000cdd  SysCtlPeripheralEnable        
00000d11  _c_int00_noargs               
00000d45  GPIODirModeSet                
00000d6f  ADCSequenceDataGet            
00000d8d  ADCClockConfigSet             
00000da5  ADCIntRegister                
00000dbd  GPIOPinTypeGPIOOutput         
00000dd5  GPIOPinTypeADC                
00000de7  TimerLoadSet                  
00000df9  ADCIntEnable                  
00000e09  ADCSequenceEnable             
00000e17  TimerEnable                   
00000e25  __TI_decompress_none          
00000e33  __TI_zero_init                
00000e3f  ResetISR                      
00000e4b  ADCIntClear                   
00000e55  GPIOPinWrite                  
00000e5b  SysCtlDelay                   
00000e61  _system_pre_init              
00000e65  C$$EXIT                       
00000e65  abort                         
00000f48  __TI_Handler_Table_Base       
00000f54  __TI_Handler_Table_Limit      
00000f70  __TI_CINIT_Base               
00000f88  __TI_CINIT_Limit              
20000000  __start___llvm_prf_cnts       
20000000  __stop___llvm_prf_cnts        
20000000  g_pfnRAMVectors               
2000026c  ringBuffer                    
20001210  __stack                       
20001410  __STACK_END                   
20001410  __STACK_TOP                   
20001410  writeIndex                    
20001414  readIndex                     
20001418  i                             
ffffffff  __TI_pprof_out_hndl           
ffffffff  __TI_prof_data_size           
ffffffff  __TI_prof_data_start          
ffffffff  __binit__                     
ffffffff  __c_args__                    
ffffffff  binit                         
UNDEFED   __mpu_init                    
UNDEFED   _system_post_cinit            

[73 symbols]
